asset_ref,taxonomy,lon,lat,contents,nonstructural,occupants,structural
a0,"RM",81.29850,29.10980,5.19895E+01,6.54428E+01,3.15093E-01,2.75502E+02
a1,"RC",83.08230,27.90060,6.85338E+01,5.45210E+01,3.49480E-01,6.24276E+01
a2,"W",85.74770,27.90150,2.07140E+01,9.89566E+00,1.55686E-01,8.89178E+01
a3,"RM",85.74770,27.90150,4.77152E+01,5.14506E+01,0.00000E+00,2.28190E+02
